Dependency validation might be unreliable when using canary SDK versions
› Installing 1 other package using yarn
> yarn add @batch.com/expo-plugin
yarn add v1.22.22
[1/4] Resolving packages...
warning @batch.com/expo-plugin > react-native > glob@7.2.3: Old versions of glob are not supported, and contain widely publicized security vulnerabilities, which have been fixed in the current version. Please update. Support for old versions may be purchased (at exorbitant rates) by contacting i@izs.me
warning @batch.com/expo-plugin > react-native > @react-native/codegen > glob@7.2.3: Old versions of glob are not supported, and contain widely publicized security vulnerabilities, which have been fixed in the current version. Please update. Support for old versions may be purchased (at exorbitant rates) by contacting i@izs.me
warning @batch.com/expo-plugin > react-native > glob > inflight@1.0.6: This module is not supported, and leaks memory. Do not use it. Check out lru-cache if you want a good and tested way to coalesce async requests by a key value, which is much more comprehensive and powerful.
warning @batch.com/expo-plugin > react-native > babel-jest > babel-plugin-istanbul > test-exclude > glob@7.2.3: Old versions of glob are not supported, and contain widely publicized security vulnerabilities, which have been fixed in the current version. Please update. Support for old versions may be purchased (at exorbitant rates) by contacting i@izs.me
warning @batch.com/expo-plugin > expo > @expo/cli > @react-native/dev-middleware > chromium-edge-launcher > rimraf@3.0.2: Rimraf versions prior to v4 are no longer supported
warning @batch.com/expo-plugin > expo > @expo/cli > @react-native/dev-middleware > chromium-edge-launcher > rimraf > glob@7.2.3: Old versions of glob are not supported, and contain widely publicized security vulnerabilities, which have been fixed in the current version. Please update. Support for old versions may be purchased (at exorbitant rates) by contacting i@izs.me
[2/4] Fetching packages...
[3/4] Linking dependencies...
warning "expo > babel-preset-expo > @babel/plugin-proposal-decorators@7.29.7" has unmet peer dependency "@babel/core@^7.0.0-0".
warning "expo > babel-preset-expo > @babel/plugin-proposal-export-default-from@7.29.7" has unmet peer dependency "@babel/core@^7.0.0-0".
warning "expo > babel-preset-expo > @babel/plugin-syntax-dynamic-import@7.8.3" has unmet peer dependency "@babel/core@^7.0.0-0".
warning "expo > babel-preset-expo > @babel/plugin-syntax-export-default-from@7.29.7" has unmet peer dependency "@babel/core@^7.0.0-0".
warning "expo > babel-preset-expo > @babel/plugin-syntax-nullish-coalescing-operator@7.8.3" has unmet peer dependency "@babel/core@^7.0.0-0".
warning "expo > babel-preset-expo > @babel/plugin-syntax-optional-chaining@7.8.3" has unmet peer dependency "@babel/core@^7.0.0-0".
warning "expo > babel-preset-expo > @babel/plugin-transform-async-generator-functions@7.29.7" has unmet peer dependency "@babel/core@^7.0.0-0".
warning "expo > babel-preset-expo > @babel/plugin-transform-async-to-generator@7.29.7" has unmet peer dependency "@babel/core@^7.0.0-0".
warning "expo > babel-preset-expo > @babel/plugin-transform-block-scoping@7.29.7" has unmet peer dependency "@babel/core@^7.0.0-0".
warning "expo > babel-preset-expo > @babel/plugin-transform-class-properties@7.29.7" has unmet peer dependency "@babel/core@^7.0.0-0".
warning "expo > babel-preset-expo > @babel/plugin-transform-class-static-block@7.29.7" has unmet peer dependency "@babel/core@^7.12.0".
warning "expo > babel-preset-expo > @babel/plugin-transform-classes@7.29.7" has unmet peer dependency "@babel/core@^7.0.0-0".
warning "expo > babel-preset-expo > @babel/plugin-transform-destructuring@7.29.7" has unmet peer dependency "@babel/core@^7.0.0-0".
warning "expo > babel-preset-expo > @babel/plugin-transform-export-namespace-from@7.29.7" has unmet peer dependency "@babel/core@^7.0.0-0".
warning "expo > babel-preset-expo > @babel/plugin-transform-flow-strip-types@7.29.7" has unmet peer dependency "@babel/core@^7.0.0-0".
warning "expo > babel-preset-expo > @babel/plugin-transform-for-of@7.29.7" has unmet peer dependency "@babel/core@^7.0.0-0".
warning "expo > babel-preset-expo > @babel/plugin-transform-logical-assignment-operators@7.29.7" has unmet peer dependency "@babel/core@^7.0.0-0".
warning "expo > babel-preset-expo > @babel/plugin-transform-modules-commonjs@7.29.7" has unmet peer dependency "@babel/core@^7.0.0-0".
warning "expo > babel-preset-expo > @babel/plugin-transform-named-capturing-groups-regex@7.29.7" has unmet peer dependency "@babel/core@^7.0.0".
warning "expo > babel-preset-expo > @babel/plugin-transform-nullish-coalescing-operator@7.29.7" has unmet peer dependency "@babel/core@^7.0.0-0".
warning "expo > babel-preset-expo > @babel/plugin-transform-object-rest-spread@7.29.7" has unmet peer dependency "@babel/core@^7.0.0-0".
warning "expo > babel-preset-expo > @babel/plugin-transform-optional-catch-binding@7.29.7" has unmet peer dependency "@babel/core@^7.0.0-0".
warning "expo > babel-preset-expo > @babel/plugin-transform-optional-chaining@7.29.7" has unmet peer dependency "@babel/core@^7.0.0-0".
warning "expo > babel-preset-expo > @babel/plugin-transform-parameters@7.29.7" has unmet peer dependency "@babel/core@^7.0.0-0".
warning "expo > babel-preset-expo > @babel/plugin-transform-private-methods@7.29.7" has unmet peer dependency "@babel/core@^7.0.0-0".
warning "expo > babel-preset-expo > @babel/plugin-transform-private-property-in-object@7.29.7" has unmet peer dependency "@babel/core@^7.0.0-0".
warning "expo > babel-preset-expo > @babel/plugin-transform-react-display-name@7.29.7" has unmet peer dependency "@babel/core@^7.0.0-0".
warning "expo > babel-preset-expo > @babel/plugin-transform-react-jsx@7.29.7" has unmet peer dependency "@babel/core@^7.0.0-0".
warning "expo > babel-preset-expo > @babel/plugin-transform-react-jsx-development@7.29.7" has unmet peer dependency "@babel/core@^7.0.0-0".
warning "expo > babel-preset-expo > @babel/plugin-transform-react-pure-annotations@7.29.7" has unmet peer dependency "@babel/core@^7.0.0-0".
warning "expo > babel-preset-expo > @babel/plugin-transform-runtime@7.29.7" has unmet peer dependency "@babel/core@^7.0.0-0".
warning "expo > babel-preset-expo > @babel/plugin-transform-typescript@7.29.7" has unmet peer dependency "@babel/core@^7.0.0-0".
warning "expo > babel-preset-expo > @babel/plugin-transform-unicode-regex@7.29.7" has unmet peer dependency "@babel/core@^7.0.0-0".
warning "expo > babel-preset-expo > @babel/preset-typescript@7.29.7" has unmet peer dependency "@babel/core@^7.0.0-0".
warning "expo > babel-preset-expo > @babel/plugin-proposal-decorators > @babel/helper-create-class-features-plugin@7.29.7" has unmet peer dependency "@babel/core@^7.0.0".
warning "expo > babel-preset-expo > @babel/plugin-proposal-decorators > @babel/plugin-syntax-decorators@7.29.7" has unmet peer dependency "@babel/core@^7.0.0-0".
warning "expo > babel-preset-expo > @babel/plugin-transform-async-generator-functions > @babel/helper-remap-async-to-generator@7.29.7" has unmet peer dependency "@babel/core@^7.0.0".
warning "expo > babel-preset-expo > @babel/plugin-transform-classes > @babel/helper-replace-supers@7.29.7" has unmet peer dependency "@babel/core@^7.0.0".
warning "expo > babel-preset-expo > @babel/plugin-transform-flow-strip-types > @babel/plugin-syntax-flow@7.29.7" has unmet peer dependency "@babel/core@^7.0.0-0".
warning "expo > babel-preset-expo > @babel/plugin-transform-named-capturing-groups-regex > @babel/helper-create-regexp-features-plugin@7.29.7" has unmet peer dependency "@babel/core@^7.0.0".
warning "expo > babel-preset-expo > @babel/plugin-transform-react-jsx > @babel/plugin-syntax-jsx@7.29.7" has unmet peer dependency "@babel/core@^7.0.0-0".
warning "expo > babel-preset-expo > @babel/plugin-transform-runtime > babel-plugin-polyfill-corejs2@0.4.17" has unmet peer dependency "@babel/core@^7.4.0 || ^8.0.0-0 <8.0.0".
warning "expo > babel-preset-expo > @babel/plugin-transform-runtime > babel-plugin-polyfill-corejs3@0.13.0" has unmet peer dependency "@babel/core@^7.4.0 || ^8.0.0-0 <8.0.0".
warning "expo > babel-preset-expo > @babel/plugin-transform-runtime > babel-plugin-polyfill-regenerator@0.6.8" has unmet peer dependency "@babel/core@^7.4.0 || ^8.0.0-0 <8.0.0".
warning "expo > babel-preset-expo > @babel/plugin-transform-typescript > @babel/plugin-syntax-typescript@7.29.7" has unmet peer dependency "@babel/core@^7.0.0-0".
warning "react-native > @react-native/codegen@0.87.0" has unmet peer dependency "@babel/core@*".
warning "expo > babel-preset-expo > @babel/plugin-transform-runtime > babel-plugin-polyfill-corejs2 > @babel/helper-define-polyfill-provider@0.6.8" has unmet peer dependency "@babel/core@^7.4.0 || ^8.0.0-0 <8.0.0".
warning "@batch.com/expo-plugin > react-native > babel-jest@29.7.0" has unmet peer dependency "@babel/core@^7.8.0".
warning "@batch.com/expo-plugin > react-native > @react-native/codegen@0.81.5" has unmet peer dependency "@babel/core@*".
warning "@batch.com/expo-plugin > expo > babel-preset-expo > @babel/preset-react@7.29.7" has unmet peer dependency "@babel/core@^7.0.0-0".
warning "@batch.com/expo-plugin > expo > babel-preset-expo > @react-native/babel-preset@0.81.5" has unmet peer dependency "@babel/core@*".
warning "@batch.com/expo-plugin > react-native > babel-jest > babel-preset-jest@29.6.3" has unmet peer dependency "@babel/core@^7.0.0".
warning "@batch.com/expo-plugin > react-native > babel-jest > babel-preset-jest > babel-preset-current-node-syntax@1.2.0" has unmet peer dependency "@babel/core@^7.0.0 || ^8.0.0-0".
warning "@batch.com/expo-plugin > react-native > babel-jest > babel-preset-jest > babel-preset-current-node-syntax > @babel/plugin-syntax-async-generators@7.8.4" has unmet peer dependency "@babel/core@^7.0.0-0".
warning "@batch.com/expo-plugin > react-native > babel-jest > babel-preset-jest > babel-preset-current-node-syntax > @babel/plugin-syntax-class-static-block@7.14.5" has unmet peer dependency "@babel/core@^7.0.0-0".
warning "@batch.com/expo-plugin > react-native > babel-jest > babel-preset-jest > babel-preset-current-node-syntax > @babel/plugin-syntax-import-attributes@7.29.7" has unmet peer dependency "@babel/core@^7.0.0-0".
warning "@batch.com/expo-plugin > react-native > babel-jest > babel-preset-jest > babel-preset-current-node-syntax > @babel/plugin-syntax-bigint@7.8.3" has unmet peer dependency "@babel/core@^7.0.0-0".
warning "@batch.com/expo-plugin > react-native > babel-jest > babel-preset-jest > babel-preset-current-node-syntax > @babel/plugin-syntax-import-meta@7.10.4" has unmet peer dependency "@babel/core@^7.0.0-0".
warning "@batch.com/expo-plugin > react-native > babel-jest > babel-preset-jest > babel-preset-current-node-syntax > @babel/plugin-syntax-class-properties@7.12.13" has unmet peer dependency "@babel/core@^7.0.0-0".
warning "@batch.com/expo-plugin > react-native > babel-jest > babel-preset-jest > babel-preset-current-node-syntax > @babel/plugin-syntax-json-strings@7.8.3" has unmet peer dependency "@babel/core@^7.0.0-0".
warning "@batch.com/expo-plugin > react-native > babel-jest > babel-preset-jest > babel-preset-current-node-syntax > @babel/plugin-syntax-logical-assignment-operators@7.10.4" has unmet peer dependency "@babel/core@^7.0.0-0".
warning "@batch.com/expo-plugin > react-native > babel-jest > babel-preset-jest > babel-preset-current-node-syntax > @babel/plugin-syntax-object-rest-spread@7.8.3" has unmet peer dependency "@babel/core@^7.0.0-0".
warning "@batch.com/expo-plugin > react-native > babel-jest > babel-preset-jest > babel-preset-current-node-syntax > @babel/plugin-syntax-private-property-in-object@7.14.5" has unmet peer dependency "@babel/core@^7.0.0-0".
warning "@batch.com/expo-plugin > react-native > babel-jest > babel-preset-jest > babel-preset-current-node-syntax > @babel/plugin-syntax-top-level-await@7.14.5" has unmet peer dependency "@babel/core@^7.0.0-0".
warning "@batch.com/expo-plugin > react-native > babel-jest > babel-preset-jest > babel-preset-current-node-syntax > @babel/plugin-syntax-optional-catch-binding@7.8.3" has unmet peer dependency "@babel/core@^7.0.0-0".
warning "@batch.com/expo-plugin > react-native > babel-jest > babel-preset-jest > babel-preset-current-node-syntax > @babel/plugin-syntax-numeric-separator@7.10.4" has unmet peer dependency "@babel/core@^7.0.0-0".

<--- Last few GCs --->

[44114:0xc8a80c000]    24908 ms: Scavenge (during sweeping) 4071.8 (4086.3) -> 4067.5 (4087.8) MB, pooled: 0.0 MB, 5.94 / 0.00 ms (average mu = 0.199, current mu = 0.136) allocation failure; 
[44114:0xc8a80c000]    25951 ms: Incremental Mark-Compact (reduce) 4073.7 (4088.3) -> 4068.1 (4076.8) MB, pooled: 0.0 MB, 971.23 / 0.00 ms (+ 2.8 ms in 97 steps since start of marking, biggest step 2.7 ms, walltime since start of marking 983 ms) (average 
FATAL ERROR: Ineffective mark-compacts near heap limit Allocation failed - JavaScript heap out of memory
----- Native stack trace -----

 1: 0x1058b2c70 node::(anonymous namespace)::DefaultAbortHandler(char const*, char const*) [/opt/homebrew/Cellar/node/26.8.1/lib/libnode.147.dylib]
 2: 0x1058b4500 node::OOMErrorHandler(char const*, v8::OOMDetails const&) [/opt/homebrew/Cellar/node/26.8.1/lib/libnode.147.dylib]
 3: 0x104b57154 v8::internal::V8::FatalProcessOutOfMemory(v8::internal::Isolate*, char const*, v8::OOMDetails const&) [/opt/homebrew/Cellar/node/26.8.1/lib/libnode.147.dylib]
 4: 0x104d09450 v8::internal::Heap::StartIncrementalMarking(v8::base::Flags<v8::internal::GCFlag, unsigned char, unsigned char>, v8::internal::GarbageCollectionReason, v8::GCCallbackFlags, v8::internal::GarbageCollector, char const*) [/opt/homebrew/Cellar/node/26.8.1/lib/libnode.147.dylib]
 5: 0x104d091fc v8::internal::Heap::CompleteArrayBufferSweeping() [/opt/homebrew/Cellar/node/26.8.1/lib/libnode.147.dylib]
 6: 0x104d0830c v8::internal::Heap::CollectGarbage(v8::internal::AllocationSpace, v8::internal::GarbageCollectionReason, v8::GCCallbackFlags, v8::internal::PerformHeapLimitCheck, v8::internal::PerformIneffectiveMarkCompactCheck) [/opt/homebrew/Cellar/node/26.8.1/lib/libnode.147.dylib]
 7: 0x104ca9d0c v8::internal::StackGuard::HandleInterrupts(v8::internal::StackGuard::InterruptLevel) [/opt/homebrew/Cellar/node/26.8.1/lib/libnode.147.dylib]
 8: 0x104fc0030 v8::internal::Runtime_StackGuard(int, unsigned long*, v8::internal::Isolate*) [/opt/homebrew/Cellar/node/26.8.1/lib/libnode.147.dylib]
 9: 0x104740cac Builtins_CEntry_Return1_ArgvOnStack_NoBuiltinExit [/opt/homebrew/Cellar/node/26.8.1/lib/libnode.147.dylib]
10: 0x10479a328 Builtins_FunctionPrototypeHasInstance [/opt/homebrew/Cellar/node/26.8.1/lib/libnode.147.dylib]
11: 0x104720aac Builtins_InstanceOf [/opt/homebrew/Cellar/node/26.8.1/lib/libnode.147.dylib]
12: 0x11609e378 
13: 0x11609f790 
14: 0x1160a1fc4 
15: 0x1160d66c4 
16: 0x10469d424 Builtins_InterpreterEntryTrampoline [/opt/homebrew/Cellar/node/26.8.1/lib/libnode.147.dylib]
17: 0x10469d424 Builtins_InterpreterEntryTrampoline [/opt/homebrew/Cellar/node/26.8.1/lib/libnode.147.dylib]
18: 0x1046de22c Builtins_GeneratorPrototypeNext [/opt/homebrew/Cellar/node/26.8.1/lib/libnode.147.dylib]
19: 0x115e34154 
20: 0x115c4e05c 
21: 0x115e1c13c 
22: 0x10469d424 Builtins_InterpreterEntryTrampoline [/opt/homebrew/Cellar/node/26.8.1/lib/libnode.147.dylib]
23: 0x10469d424 Builtins_InterpreterEntryTrampoline [/opt/homebrew/Cellar/node/26.8.1/lib/libnode.147.dylib]
24: 0x1046de22c Builtins_GeneratorPrototypeNext [/opt/homebrew/Cellar/node/26.8.1/lib/libnode.147.dylib]
25: 0x115e34154 
26: 0x115c4e05c 
27: 0x115e1c13c 
28: 0x10469d424 Builtins_InterpreterEntryTrampoline [/opt/homebrew/Cellar/node/26.8.1/lib/libnode.147.dylib]
29: 0x10469d424 Builtins_InterpreterEntryTrampoline [/opt/homebrew/Cellar/node/26.8.1/lib/libnode.147.dylib]
30: 0x1046de22c Builtins_GeneratorPrototypeNext [/opt/homebrew/Cellar/node/26.8.1/lib/libnode.147.dylib]
31: 0x115d9e4f8 
32: 0x1047b9458 Builtins_PromiseFulfillReactionJob [/opt/homebrew/Cellar/node/26.8.1/lib/libnode.147.dylib]
33: 0x1046ca904 Builtins_RunMicrotasks [/opt/homebrew/Cellar/node/26.8.1/lib/libnode.147.dylib]
34: 0x10469a678 Builtins_JSRunMicrotasksEntry [/opt/homebrew/Cellar/node/26.8.1/lib/libnode.147.dylib]
35: 0x104c7f990 v8::internal::(anonymous namespace)::Invoke(v8::internal::Isolate*, v8::internal::(anonymous namespace)::InvokeParams const&) [/opt/homebrew/Cellar/node/26.8.1/lib/libnode.147.dylib]
36: 0x104c80190 v8::internal::(anonymous namespace)::InvokeWithTryCatch(v8::internal::Isolate*, v8::internal::(anonymous namespace)::InvokeParams const&) [/opt/homebrew/Cellar/node/26.8.1/lib/libnode.147.dylib]
37: 0x104ca8074 v8::internal::MicrotaskQueue::PerformCheckpointInternal(v8::Isolate*) [/opt/homebrew/Cellar/node/26.8.1/lib/libnode.147.dylib]
38: 0x104883888 node::InternalCallbackScope::Close() [/opt/homebrew/Cellar/node/26.8.1/lib/libnode.147.dylib]
39: 0x104883e90 node::InternalMakeCallback(node::Environment*, v8::Local<v8::Object>, v8::Local<v8::Object>, v8::Local<v8::Function>, int, v8::Local<v8::Value>*, node::async_context, v8::Local<v8::Value>) [/opt/homebrew/Cellar/node/26.8.1/lib/libnode.147.dylib]
40: 0x10489a32c node::AsyncWrap::MakeCallback(v8::Local<v8::Function>, int, v8::Local<v8::Value>*) [/opt/homebrew/Cellar/node/26.8.1/lib/libnode.147.dylib]
41: 0x10496a234 node::fs::FSReqCallback::Resolve(v8::Local<v8::Value>) [/opt/homebrew/Cellar/node/26.8.1/lib/libnode.147.dylib]
42: 0x10496bc04 node::fs::AfterNoArgs(uv_fs_s*) [/opt/homebrew/Cellar/node/26.8.1/lib/libnode.147.dylib]
43: 0x10495b384 node::MakeLibuvRequestCallback<uv_fs_s, void (*)(uv_fs_s*)>::Wrapper(uv_fs_s*) [/opt/homebrew/Cellar/node/26.8.1/lib/libnode.147.dylib]
44: 0x100c26e64 uv__work_done [/opt/homebrew/Cellar/libuv/1.52.1/lib/libuv.1.0.0.dylib]
45: 0x100c2a3cc uv__async_io [/opt/homebrew/Cellar/libuv/1.52.1/lib/libuv.1.0.0.dylib]
46: 0x100c391b0 uv__io_poll [/opt/homebrew/Cellar/libuv/1.52.1/lib/libuv.1.0.0.dylib]
47: 0x100c2ab64 uv_run [/opt/homebrew/Cellar/libuv/1.52.1/lib/libuv.1.0.0.dylib]
48: 0x104884608 node::SpinEventLoopInternal(node::Environment*) [/opt/homebrew/Cellar/node/26.8.1/lib/libnode.147.dylib]
49: 0x1049b1664 node::NodeMainInstance::Run(node::ExitCode*, node::Environment*) [/opt/homebrew/Cellar/node/26.8.1/lib/libnode.147.dylib]
50: 0x1049b13b8 node::NodeMainInstance::Run() [/opt/homebrew/Cellar/node/26.8.1/lib/libnode.147.dylib]
51: 0x104923f30 node::Start(int, char**) [/opt/homebrew/Cellar/node/26.8.1/lib/libnode.147.dylib]
52: 0x18eb9dd54 start [/usr/lib/dyld]
Error: yarnpkg add @batch.com/expo-plugin exited with signal: SIGABRT
Error: yarnpkg add @batch.com/expo-plugin exited with signal: SIGABRT
    at ChildProcess.completionListener (/Users/briones/.config/tuft/sessions/1788364493.114729/worktrees/agp-new-dsl/node_modules/@expo/spawn-async/build/spawnAsync.js:112:23)
    at ChildProcess.wrapper (node:events:639:12)
    at ChildProcess.emit (node:events:514:20)
    at ChildProcess._handle.onexit (node:internal/child_process:294:12)
    ...
    at spawnAsync (/Users/briones/.config/tuft/sessions/1788364493.114729/worktrees/agp-new-dsl/node_modules/@expo/spawn-async/build/spawnAsync.js:9:23)
    at YarnPackageManager.runAsync (/Users/briones/.config/tuft/sessions/1788364493.114729/worktrees/agp-new-dsl/node_modules/@expo/package-manager/build/node/BasePackageManager.js:75:42)
    at /Users/briones/.config/tuft/sessions/1788364493.114729/worktrees/agp-new-dsl/node_modules/@expo/package-manager/build/node/YarnPackageManager.js:52:30
    at /Users/briones/.config/tuft/sessions/1788364493.114729/worktrees/agp-new-dsl/node_modules/@expo/package-manager/build/utils/spawn.js:20:34
