Unable to fetch compatibility data from React Native Directory. Skipping check.
Dependency validation might be unreliable when using canary SDK versions
› Installing 1 other package using yarn
> yarn add @capgo/capacitor-social-login
yarn add v1.22.22
[1/4] Resolving packages...
error AggregateError [EHOSTUNREACH]: 
    at internalConnectMultiple (node:net:1430:18)
    at internalConnectMultiple (node:net:1506:5)
    at internalConnectMultiple (node:net:1506:5)
    at internalConnectMultiple (node:net:1506:5)
    at internalConnectMultiple (node:net:1506:5)
    at internalConnectMultiple (node:net:1506:5)
    at internalConnectMultiple (node:net:1506:5)
    at internalConnectMultiple (node:net:1506:5)
    at internalConnectMultiple (node:net:1506:5)
    at internalConnectMultiple (node:net:1506:5)
info Visit https://yarnpkg.com/en/docs/cli/add for documentation about this command.
Error: yarnpkg add @capgo/capacitor-social-login exited with non-zero code: 1
Error: yarnpkg add @capgo/capacitor-social-login exited with non-zero code: 1
    at ChildProcess.completionListener (/Users/briones/.config/tuft/sessions/1788364493.114729/worktrees/agp-new-dsl/node_modules/@expo/spawn-async/build/spawnAsync.js:113:23)
    at ChildProcess.wrapper (node:events:639:12)
    at ChildProcess.emit (node:events:514:20)
    at ChildProcess._handle.onexit (node:internal/child_process:294:12)
    ...
    at spawnAsync (/Users/briones/.config/tuft/sessions/1788364493.114729/worktrees/agp-new-dsl/node_modules/@expo/spawn-async/build/spawnAsync.js:9:23)
    at YarnPackageManager.runAsync (/Users/briones/.config/tuft/sessions/1788364493.114729/worktrees/agp-new-dsl/node_modules/@expo/package-manager/build/node/BasePackageManager.js:75:42)
    at /Users/briones/.config/tuft/sessions/1788364493.114729/worktrees/agp-new-dsl/node_modules/@expo/package-manager/build/node/YarnPackageManager.js:52:30
    at /Users/briones/.config/tuft/sessions/1788364493.114729/worktrees/agp-new-dsl/node_modules/@expo/package-manager/build/utils/spawn.js:20:34
