Dependency validation might be unreliable when using canary SDK versions
› Installing 1 other package using yarn
> yarn add @curity/identityserver-haapi-react-native-sdk
yarn add v1.22.22
[1/4] Resolving packages...
[2/4] Fetching packages...
[3/4] Linking dependencies...
warning "expo > babel-preset-expo > @babel/plugin-proposal-decorators@7.29.7" has unmet peer dependency "@babel/core@^7.0.0-0".
warning "expo > babel-preset-expo > @babel/plugin-proposal-export-default-from@7.29.7" has unmet peer dependency "@babel/core@^7.0.0-0".
warning "expo > babel-preset-expo > @babel/plugin-syntax-dynamic-import@7.8.3" has unmet peer dependency "@babel/core@^7.0.0-0".
warning "expo > babel-preset-expo > @babel/plugin-syntax-export-default-from@7.29.7" has unmet peer dependency "@babel/core@^7.0.0-0".
warning "expo > babel-preset-expo > @babel/plugin-syntax-nullish-coalescing-operator@7.8.3" has unmet peer dependency "@babel/core@^7.0.0-0".
warning "expo > babel-preset-expo > @babel/plugin-syntax-optional-chaining@7.8.3" has unmet peer dependency "@babel/core@^7.0.0-0".
warning "expo > babel-preset-expo > @babel/plugin-transform-async-generator-functions@7.29.7" has unmet peer dependency "@babel/core@^7.0.0-0".
warning "expo > babel-preset-expo > @babel/plugin-transform-async-to-generator@7.29.7" has unmet peer dependency "@babel/core@^7.0.0-0".
warning "expo > babel-preset-expo > @babel/plugin-transform-block-scoping@7.29.7" has unmet peer dependency "@babel/core@^7.0.0-0".
warning "expo > babel-preset-expo > @babel/plugin-transform-class-properties@7.29.7" has unmet peer dependency "@babel/core@^7.0.0-0".
warning "expo > babel-preset-expo > @babel/plugin-transform-class-static-block@7.29.7" has unmet peer dependency "@babel/core@^7.12.0".
warning "expo > babel-preset-expo > @babel/plugin-transform-classes@7.29.7" has unmet peer dependency "@babel/core@^7.0.0-0".
warning "expo > babel-preset-expo > @babel/plugin-transform-destructuring@7.29.7" has unmet peer dependency "@babel/core@^7.0.0-0".
warning "expo > babel-preset-expo > @babel/plugin-transform-export-namespace-from@7.29.7" has unmet peer dependency "@babel/core@^7.0.0-0".
warning "expo > babel-preset-expo > @babel/plugin-transform-flow-strip-types@7.29.7" has unmet peer dependency "@babel/core@^7.0.0-0".
warning "expo > babel-preset-expo > @babel/plugin-transform-for-of@7.29.7" has unmet peer dependency "@babel/core@^7.0.0-0".
warning "expo > babel-preset-expo > @babel/plugin-transform-logical-assignment-operators@7.29.7" has unmet peer dependency "@babel/core@^7.0.0-0".
warning "expo > babel-preset-expo > @babel/plugin-transform-modules-commonjs@7.29.7" has unmet peer dependency "@babel/core@^7.0.0-0".
warning "expo > babel-preset-expo > @babel/plugin-transform-named-capturing-groups-regex@7.29.7" has unmet peer dependency "@babel/core@^7.0.0".
warning "expo > babel-preset-expo > @babel/plugin-transform-nullish-coalescing-operator@7.29.7" has unmet peer dependency "@babel/core@^7.0.0-0".
warning "expo > babel-preset-expo > @babel/plugin-transform-object-rest-spread@7.29.7" has unmet peer dependency "@babel/core@^7.0.0-0".
warning "expo > babel-preset-expo > @babel/plugin-transform-optional-catch-binding@7.29.7" has unmet peer dependency "@babel/core@^7.0.0-0".
warning "expo > babel-preset-expo > @babel/plugin-transform-optional-chaining@7.29.7" has unmet peer dependency "@babel/core@^7.0.0-0".
warning "expo > babel-preset-expo > @babel/plugin-transform-parameters@7.29.7" has unmet peer dependency "@babel/core@^7.0.0-0".
warning "expo > babel-preset-expo > @babel/plugin-transform-private-methods@7.29.7" has unmet peer dependency "@babel/core@^7.0.0-0".
warning "expo > babel-preset-expo > @babel/plugin-transform-private-property-in-object@7.29.7" has unmet peer dependency "@babel/core@^7.0.0-0".
warning "expo > babel-preset-expo > @babel/plugin-transform-react-display-name@7.29.7" has unmet peer dependency "@babel/core@^7.0.0-0".
warning "expo > babel-preset-expo > @babel/plugin-transform-react-jsx@7.29.7" has unmet peer dependency "@babel/core@^7.0.0-0".
warning "expo > babel-preset-expo > @babel/plugin-transform-react-jsx-development@7.29.7" has unmet peer dependency "@babel/core@^7.0.0-0".
warning "expo > babel-preset-expo > @babel/plugin-transform-react-pure-annotations@7.29.7" has unmet peer dependency "@babel/core@^7.0.0-0".
warning "expo > babel-preset-expo > @babel/plugin-transform-runtime@7.29.7" has unmet peer dependency "@babel/core@^7.0.0-0".
warning "expo > babel-preset-expo > @babel/plugin-transform-typescript@7.29.7" has unmet peer dependency "@babel/core@^7.0.0-0".
warning "expo > babel-preset-expo > @babel/plugin-transform-unicode-regex@7.29.7" has unmet peer dependency "@babel/core@^7.0.0-0".
warning "expo > babel-preset-expo > @babel/preset-typescript@7.29.7" has unmet peer dependency "@babel/core@^7.0.0-0".
warning "expo > babel-preset-expo > @babel/plugin-proposal-decorators > @babel/helper-create-class-features-plugin@7.29.7" has unmet peer dependency "@babel/core@^7.0.0".
warning "expo > babel-preset-expo > @babel/plugin-proposal-decorators > @babel/plugin-syntax-decorators@7.29.7" has unmet peer dependency "@babel/core@^7.0.0-0".
warning "expo > babel-preset-expo > @babel/plugin-transform-async-generator-functions > @babel/helper-remap-async-to-generator@7.29.7" has unmet peer dependency "@babel/core@^7.0.0".
warning "expo > babel-preset-expo > @babel/plugin-transform-classes > @babel/helper-replace-supers@7.29.7" has unmet peer dependency "@babel/core@^7.0.0".
warning "expo > babel-preset-expo > @babel/plugin-transform-flow-strip-types > @babel/plugin-syntax-flow@7.29.7" has unmet peer dependency "@babel/core@^7.0.0-0".
warning "expo > babel-preset-expo > @babel/plugin-transform-named-capturing-groups-regex > @babel/helper-create-regexp-features-plugin@7.29.7" has unmet peer dependency "@babel/core@^7.0.0".
warning "expo > babel-preset-expo > @babel/plugin-transform-react-jsx > @babel/plugin-syntax-jsx@7.29.7" has unmet peer dependency "@babel/core@^7.0.0-0".
warning "expo > babel-preset-expo > @babel/plugin-transform-runtime > babel-plugin-polyfill-corejs2@0.4.17" has unmet peer dependency "@babel/core@^7.4.0 || ^8.0.0-0 <8.0.0".
warning "expo > babel-preset-expo > @babel/plugin-transform-runtime > babel-plugin-polyfill-corejs3@0.13.0" has unmet peer dependency "@babel/core@^7.4.0 || ^8.0.0-0 <8.0.0".
warning "expo > babel-preset-expo > @babel/plugin-transform-runtime > babel-plugin-polyfill-regenerator@0.6.8" has unmet peer dependency "@babel/core@^7.4.0 || ^8.0.0-0 <8.0.0".
warning "expo > babel-preset-expo > @babel/plugin-transform-typescript > @babel/plugin-syntax-typescript@7.29.7" has unmet peer dependency "@babel/core@^7.0.0-0".
warning "react-native > @react-native/codegen@0.87.0" has unmet peer dependency "@babel/core@*".
warning "expo > babel-preset-expo > @babel/plugin-transform-runtime > babel-plugin-polyfill-corejs2 > @babel/helper-define-polyfill-provider@0.6.8" has unmet peer dependency "@babel/core@^7.4.0 || ^8.0.0-0 <8.0.0".
warning "@curity/identityserver-haapi-react-native-sdk > react-native > @react-native/codegen@0.85.3" has unmet peer dependency "@babel/core@*".

<--- Last few GCs --->

[38078:0xb0280c000]    26998 ms: Scavenge (during sweeping) 4066.0 (4079.2) -> 4061.5 (4080.7) MB, pooled: 0.0 MB, 7.07 / 0.00 ms (average mu = 0.201, current mu = 0.121) allocation failure; 
[38078:0xb0280c000]    27835 ms: Incremental Mark-Compact (reduce) 4075.6 (4089.0) -> 4065.5 (4072.7) MB, pooled: 0.0 MB, 281.73 / 0.00 ms (+ 475.3 ms in 222 steps since start of marking, biggest step 5.0 ms, walltime since start of marking 783 ms) (avera
FATAL ERROR: Ineffective mark-compacts near heap limit Allocation failed - JavaScript heap out of memory
----- Native stack trace -----

 1: 0x108a6ec70 node::(anonymous namespace)::DefaultAbortHandler(char const*, char const*) [/opt/homebrew/Cellar/node/26.8.1/lib/libnode.147.dylib]
 2: 0x108a70500 node::OOMErrorHandler(char const*, v8::OOMDetails const&) [/opt/homebrew/Cellar/node/26.8.1/lib/libnode.147.dylib]
 3: 0x107d13154 v8::internal::V8::FatalProcessOutOfMemory(v8::internal::Isolate*, char const*, v8::OOMDetails const&) [/opt/homebrew/Cellar/node/26.8.1/lib/libnode.147.dylib]
 4: 0x107ec5450 v8::internal::Heap::StartIncrementalMarking(v8::base::Flags<v8::internal::GCFlag, unsigned char, unsigned char>, v8::internal::GarbageCollectionReason, v8::GCCallbackFlags, v8::internal::GarbageCollector, char const*) [/opt/homebrew/Cellar/node/26.8.1/lib/libnode.147.dylib]
 5: 0x107ec51fc v8::internal::Heap::CompleteArrayBufferSweeping() [/opt/homebrew/Cellar/node/26.8.1/lib/libnode.147.dylib]
 6: 0x107ec430c v8::internal::Heap::CollectGarbage(v8::internal::AllocationSpace, v8::internal::GarbageCollectionReason, v8::GCCallbackFlags, v8::internal::PerformHeapLimitCheck, v8::internal::PerformIneffectiveMarkCompactCheck) [/opt/homebrew/Cellar/node/26.8.1/lib/libnode.147.dylib]
 7: 0x107e65d0c v8::internal::StackGuard::HandleInterrupts(v8::internal::StackGuard::InterruptLevel) [/opt/homebrew/Cellar/node/26.8.1/lib/libnode.147.dylib]
 8: 0x10817c1ac v8::internal::Runtime_HandleNoHeapWritesInterrupts(int, unsigned long*, v8::internal::Isolate*) [/opt/homebrew/Cellar/node/26.8.1/lib/libnode.147.dylib]
 9: 0x1078fccac Builtins_CEntry_Return1_ArgvOnStack_NoBuiltinExit [/opt/homebrew/Cellar/node/26.8.1/lib/libnode.147.dylib]
10: 0x11906adb4 
11: 0x1191dfd38 
12: 0x1191e6d90 
13: 0x1191c5f44 
14: 0x107859424 Builtins_InterpreterEntryTrampoline [/opt/homebrew/Cellar/node/26.8.1/lib/libnode.147.dylib]
15: 0x107859424 Builtins_InterpreterEntryTrampoline [/opt/homebrew/Cellar/node/26.8.1/lib/libnode.147.dylib]
16: 0x10789a22c Builtins_GeneratorPrototypeNext [/opt/homebrew/Cellar/node/26.8.1/lib/libnode.147.dylib]
17: 0x119028d74 
18: 0x11909729c 
19: 0x11905b81c 
20: 0x107859424 Builtins_InterpreterEntryTrampoline [/opt/homebrew/Cellar/node/26.8.1/lib/libnode.147.dylib]
21: 0x107859424 Builtins_InterpreterEntryTrampoline [/opt/homebrew/Cellar/node/26.8.1/lib/libnode.147.dylib]
22: 0x10789a22c Builtins_GeneratorPrototypeNext [/opt/homebrew/Cellar/node/26.8.1/lib/libnode.147.dylib]
23: 0x119028d74 
24: 0x11909729c 
25: 0x11905b81c 
26: 0x107859424 Builtins_InterpreterEntryTrampoline [/opt/homebrew/Cellar/node/26.8.1/lib/libnode.147.dylib]
27: 0x107859424 Builtins_InterpreterEntryTrampoline [/opt/homebrew/Cellar/node/26.8.1/lib/libnode.147.dylib]
28: 0x10789a22c Builtins_GeneratorPrototypeNext [/opt/homebrew/Cellar/node/26.8.1/lib/libnode.147.dylib]
29: 0x11905c138 
30: 0x107975458 Builtins_PromiseFulfillReactionJob [/opt/homebrew/Cellar/node/26.8.1/lib/libnode.147.dylib]
31: 0x107886904 Builtins_RunMicrotasks [/opt/homebrew/Cellar/node/26.8.1/lib/libnode.147.dylib]
32: 0x107856678 Builtins_JSRunMicrotasksEntry [/opt/homebrew/Cellar/node/26.8.1/lib/libnode.147.dylib]
33: 0x107e3b990 v8::internal::(anonymous namespace)::Invoke(v8::internal::Isolate*, v8::internal::(anonymous namespace)::InvokeParams const&) [/opt/homebrew/Cellar/node/26.8.1/lib/libnode.147.dylib]
34: 0x107e3c190 v8::internal::(anonymous namespace)::InvokeWithTryCatch(v8::internal::Isolate*, v8::internal::(anonymous namespace)::InvokeParams const&) [/opt/homebrew/Cellar/node/26.8.1/lib/libnode.147.dylib]
35: 0x107e64074 v8::internal::MicrotaskQueue::PerformCheckpointInternal(v8::Isolate*) [/opt/homebrew/Cellar/node/26.8.1/lib/libnode.147.dylib]
36: 0x107a3f888 node::InternalCallbackScope::Close() [/opt/homebrew/Cellar/node/26.8.1/lib/libnode.147.dylib]
37: 0x107a3fe90 node::InternalMakeCallback(node::Environment*, v8::Local<v8::Object>, v8::Local<v8::Object>, v8::Local<v8::Function>, int, v8::Local<v8::Value>*, node::async_context, v8::Local<v8::Value>) [/opt/homebrew/Cellar/node/26.8.1/lib/libnode.147.dylib]
38: 0x107a5632c node::AsyncWrap::MakeCallback(v8::Local<v8::Function>, int, v8::Local<v8::Value>*) [/opt/homebrew/Cellar/node/26.8.1/lib/libnode.147.dylib]
39: 0x107b26234 node::fs::FSReqCallback::Resolve(v8::Local<v8::Value>) [/opt/homebrew/Cellar/node/26.8.1/lib/libnode.147.dylib]
40: 0x107b27c04 node::fs::AfterNoArgs(uv_fs_s*) [/opt/homebrew/Cellar/node/26.8.1/lib/libnode.147.dylib]
41: 0x107b17384 node::MakeLibuvRequestCallback<uv_fs_s, void (*)(uv_fs_s*)>::Wrapper(uv_fs_s*) [/opt/homebrew/Cellar/node/26.8.1/lib/libnode.147.dylib]
42: 0x104196e64 uv__work_done [/opt/homebrew/Cellar/libuv/1.52.1/lib/libuv.1.0.0.dylib]
43: 0x10419a3cc uv__async_io [/opt/homebrew/Cellar/libuv/1.52.1/lib/libuv.1.0.0.dylib]
44: 0x1041a91b0 uv__io_poll [/opt/homebrew/Cellar/libuv/1.52.1/lib/libuv.1.0.0.dylib]
45: 0x10419ab64 uv_run [/opt/homebrew/Cellar/libuv/1.52.1/lib/libuv.1.0.0.dylib]
46: 0x107a40608 node::SpinEventLoopInternal(node::Environment*) [/opt/homebrew/Cellar/node/26.8.1/lib/libnode.147.dylib]
47: 0x107b6d664 node::NodeMainInstance::Run(node::ExitCode*, node::Environment*) [/opt/homebrew/Cellar/node/26.8.1/lib/libnode.147.dylib]
48: 0x107b6d3b8 node::NodeMainInstance::Run() [/opt/homebrew/Cellar/node/26.8.1/lib/libnode.147.dylib]
49: 0x107adff30 node::Start(int, char**) [/opt/homebrew/Cellar/node/26.8.1/lib/libnode.147.dylib]
50: 0x18eb9dd54 start [/usr/lib/dyld]
Error: yarnpkg add @curity/identityserver-haapi-react-native-sdk exited with signal: SIGABRT
Error: yarnpkg add @curity/identityserver-haapi-react-native-sdk exited with signal: SIGABRT
    at ChildProcess.completionListener (/Users/briones/.config/tuft/sessions/1788364493.114729/worktrees/agp-new-dsl/node_modules/@expo/spawn-async/build/spawnAsync.js:112:23)
    at ChildProcess.wrapper (node:events:639:12)
    at ChildProcess.emit (node:events:514:20)
    at ChildProcess._handle.onexit (node:internal/child_process:294:12)
    ...
    at spawnAsync (/Users/briones/.config/tuft/sessions/1788364493.114729/worktrees/agp-new-dsl/node_modules/@expo/spawn-async/build/spawnAsync.js:9:23)
    at YarnPackageManager.runAsync (/Users/briones/.config/tuft/sessions/1788364493.114729/worktrees/agp-new-dsl/node_modules/@expo/package-manager/build/node/BasePackageManager.js:75:42)
    at /Users/briones/.config/tuft/sessions/1788364493.114729/worktrees/agp-new-dsl/node_modules/@expo/package-manager/build/node/YarnPackageManager.js:52:30
    at /Users/briones/.config/tuft/sessions/1788364493.114729/worktrees/agp-new-dsl/node_modules/@expo/package-manager/build/utils/spawn.js:20:34
