Dependency validation might be unreliable when using canary SDK versions
› Installing 1 other package using yarn
> yarn add @fedimint/react-native
yarn add v1.22.22
[1/4] Resolving packages...
error Couldn't find any versions for "@fedimint/core" that matches "workspace:*"
info Visit https://yarnpkg.com/en/docs/cli/add for documentation about this command.
Error: Couldn't find any versions for "@fedimint/types" that matches "workspace:*"
    at MessageError.ExtendableBuiltin (/opt/homebrew/lib/node_modules/yarn/lib/cli.js:721:66)
    at new MessageError (/opt/homebrew/lib/node_modules/yarn/lib/cli.js:750:123)
    at NpmResolver.<anonymous> (/opt/homebrew/lib/node_modules/yarn/lib/cli.js:50353:13)
    at Generator.next (<anonymous>)
    at step (/opt/homebrew/lib/node_modules/yarn/lib/cli.js:310:30)
    at /opt/homebrew/lib/node_modules/yarn/lib/cli.js:321:13
    at process.processTicksAndRejections (node:internal/process/task_queues:104:5)
Error: yarnpkg add @fedimint/react-native exited with non-zero code: 1
Error: yarnpkg add @fedimint/react-native exited with non-zero code: 1
    at ChildProcess.completionListener (/Users/briones/.config/tuft/sessions/1788364493.114729/worktrees/agp-new-dsl/node_modules/@expo/spawn-async/build/spawnAsync.js:113:23)
    at ChildProcess.wrapper (node:events:639:12)
    at ChildProcess.emit (node:events:514:20)
    at ChildProcess._handle.onexit (node:internal/child_process:294:12)
    ...
    at spawnAsync (/Users/briones/.config/tuft/sessions/1788364493.114729/worktrees/agp-new-dsl/node_modules/@expo/spawn-async/build/spawnAsync.js:9:23)
    at YarnPackageManager.runAsync (/Users/briones/.config/tuft/sessions/1788364493.114729/worktrees/agp-new-dsl/node_modules/@expo/package-manager/build/node/BasePackageManager.js:75:42)
    at /Users/briones/.config/tuft/sessions/1788364493.114729/worktrees/agp-new-dsl/node_modules/@expo/package-manager/build/node/YarnPackageManager.js:52:30
    at /Users/briones/.config/tuft/sessions/1788364493.114729/worktrees/agp-new-dsl/node_modules/@expo/package-manager/build/utils/spawn.js:20:34
