Dependency validation might be unreliable when using canary SDK versions
› Installing 1 other package using yarn
> yarn add @finan-me/react-native-zywell-thermal-printer
yarn add v1.22.22
[1/4] Resolving packages...
warning @finan-me/react-native-zywell-thermal-printer > react-native > glob@7.2.3: Old versions of glob are not supported, and contain widely publicized security vulnerabilities, which have been fixed in the current version. Please update. Support for old versions may be purchased (at exorbitant rates) by contacting i@izs.me
warning @finan-me/react-native-zywell-thermal-printer > react-native > @react-native/codegen > glob@7.2.3: Old versions of glob are not supported, and contain widely publicized security vulnerabilities, which have been fixed in the current version. Please update. Support for old versions may be purchased (at exorbitant rates) by contacting i@izs.me
warning @finan-me/react-native-zywell-thermal-printer > react-native > glob > inflight@1.0.6: This module is not supported, and leaks memory. Do not use it. Check out lru-cache if you want a good and tested way to coalesce async requests by a key value, which is much more comprehensive and powerful.
warning @finan-me/react-native-zywell-thermal-printer > react-native > babel-jest > babel-plugin-istanbul > test-exclude > glob@7.2.3: Old versions of glob are not supported, and contain widely publicized security vulnerabilities, which have been fixed in the current version. Please update. Support for old versions may be purchased (at exorbitant rates) by contacting i@izs.me
warning @finan-me/react-native-zywell-thermal-printer > react-native > @react-native/codegen > jscodeshift > @babel/plugin-proposal-optional-chaining@7.21.0: This proposal has been merged to the ECMAScript standard and thus this plugin is no longer maintained. Please use @babel/plugin-transform-optional-chaining instead.
warning @finan-me/react-native-zywell-thermal-printer > react-native > @react-native/codegen > jscodeshift > @babel/plugin-proposal-class-properties@7.18.6: This proposal has been merged to the ECMAScript standard and thus this plugin is no longer maintained. Please use @babel/plugin-transform-class-properties instead.
warning @finan-me/react-native-zywell-thermal-printer > react-native > @react-native/codegen > jscodeshift > @babel/plugin-proposal-nullish-coalescing-operator@7.18.6: This proposal has been merged to the ECMAScript standard and thus this plugin is no longer maintained. Please use @babel/plugin-transform-nullish-coalescing-operator instead.
warning @finan-me/react-native-zywell-thermal-printer > react-native > @react-native/codegen > jscodeshift > temp > rimraf@2.6.3: Rimraf versions prior to v4 are no longer supported
warning @finan-me/react-native-zywell-thermal-printer > react-native > @react-native/community-cli-plugin > @react-native/dev-middleware > chromium-edge-launcher > rimraf@3.0.2: Rimraf versions prior to v4 are no longer supported
warning @finan-me/react-native-zywell-thermal-printer > react-native > @react-native/codegen > jscodeshift > temp > rimraf > glob@7.2.3: Old versions of glob are not supported, and contain widely publicized security vulnerabilities, which have been fixed in the current version. Please update. Support for old versions may be purchased (at exorbitant rates) by contacting i@izs.me
warning @finan-me/react-native-zywell-thermal-printer > react-native > @react-native/community-cli-plugin > @react-native/dev-middleware > chromium-edge-launcher > rimraf > glob@7.2.3: Old versions of glob are not supported, and contain widely publicized security vulnerabilities, which have been fixed in the current version. Please update. Support for old versions may be purchased (at exorbitant rates) by contacting i@izs.me
[2/4] Fetching packages...
[3/4] Linking dependencies...
warning "expo > babel-preset-expo > @babel/plugin-proposal-decorators@7.29.7" has unmet peer dependency "@babel/core@^7.0.0-0".
warning "expo > babel-preset-expo > @babel/plugin-proposal-export-default-from@7.29.7" has unmet peer dependency "@babel/core@^7.0.0-0".
warning "expo > babel-preset-expo > @babel/plugin-syntax-dynamic-import@7.8.3" has unmet peer dependency "@babel/core@^7.0.0-0".
warning "expo > babel-preset-expo > @babel/plugin-syntax-export-default-from@7.29.7" has unmet peer dependency "@babel/core@^7.0.0-0".
warning "expo > babel-preset-expo > @babel/plugin-syntax-nullish-coalescing-operator@7.8.3" has unmet peer dependency "@babel/core@^7.0.0-0".
warning "expo > babel-preset-expo > @babel/plugin-syntax-optional-chaining@7.8.3" has unmet peer dependency "@babel/core@^7.0.0-0".
warning "expo > babel-preset-expo > @babel/plugin-transform-async-generator-functions@7.29.7" has unmet peer dependency "@babel/core@^7.0.0-0".
warning "expo > babel-preset-expo > @babel/plugin-transform-async-to-generator@7.29.7" has unmet peer dependency "@babel/core@^7.0.0-0".
warning "expo > babel-preset-expo > @babel/plugin-transform-block-scoping@7.29.7" has unmet peer dependency "@babel/core@^7.0.0-0".
warning "expo > babel-preset-expo > @babel/plugin-transform-class-properties@7.29.7" has unmet peer dependency "@babel/core@^7.0.0-0".
warning "expo > babel-preset-expo > @babel/plugin-transform-class-static-block@7.29.7" has unmet peer dependency "@babel/core@^7.12.0".
warning "expo > babel-preset-expo > @babel/plugin-transform-classes@7.29.7" has unmet peer dependency "@babel/core@^7.0.0-0".
warning "expo > babel-preset-expo > @babel/plugin-transform-destructuring@7.29.7" has unmet peer dependency "@babel/core@^7.0.0-0".
warning "expo > babel-preset-expo > @babel/plugin-transform-export-namespace-from@7.29.7" has unmet peer dependency "@babel/core@^7.0.0-0".
warning "expo > babel-preset-expo > @babel/plugin-transform-flow-strip-types@7.29.7" has unmet peer dependency "@babel/core@^7.0.0-0".
warning "expo > babel-preset-expo > @babel/plugin-transform-for-of@7.29.7" has unmet peer dependency "@babel/core@^7.0.0-0".
warning "expo > babel-preset-expo > @babel/plugin-transform-logical-assignment-operators@7.29.7" has unmet peer dependency "@babel/core@^7.0.0-0".
warning "expo > babel-preset-expo > @babel/plugin-transform-modules-commonjs@7.29.7" has unmet peer dependency "@babel/core@^7.0.0-0".
warning "expo > babel-preset-expo > @babel/plugin-transform-named-capturing-groups-regex@7.29.7" has unmet peer dependency "@babel/core@^7.0.0".
warning "expo > babel-preset-expo > @babel/plugin-transform-nullish-coalescing-operator@7.29.7" has unmet peer dependency "@babel/core@^7.0.0-0".
warning "expo > babel-preset-expo > @babel/plugin-transform-object-rest-spread@7.29.7" has unmet peer dependency "@babel/core@^7.0.0-0".
warning "expo > babel-preset-expo > @babel/plugin-transform-optional-catch-binding@7.29.7" has unmet peer dependency "@babel/core@^7.0.0-0".
warning "expo > babel-preset-expo > @babel/plugin-transform-optional-chaining@7.29.7" has unmet peer dependency "@babel/core@^7.0.0-0".
warning "expo > babel-preset-expo > @babel/plugin-transform-parameters@7.29.7" has unmet peer dependency "@babel/core@^7.0.0-0".
warning "expo > babel-preset-expo > @babel/plugin-transform-private-methods@7.29.7" has unmet peer dependency "@babel/core@^7.0.0-0".
warning "expo > babel-preset-expo > @babel/plugin-transform-private-property-in-object@7.29.7" has unmet peer dependency "@babel/core@^7.0.0-0".
warning "expo > babel-preset-expo > @babel/plugin-transform-react-display-name@7.29.7" has unmet peer dependency "@babel/core@^7.0.0-0".
warning "expo > babel-preset-expo > @babel/plugin-transform-react-jsx@7.29.7" has unmet peer dependency "@babel/core@^7.0.0-0".
warning "expo > babel-preset-expo > @babel/plugin-transform-react-jsx-development@7.29.7" has unmet peer dependency "@babel/core@^7.0.0-0".
warning "expo > babel-preset-expo > @babel/plugin-transform-react-pure-annotations@7.29.7" has unmet peer dependency "@babel/core@^7.0.0-0".
warning "expo > babel-preset-expo > @babel/plugin-transform-runtime@7.29.7" has unmet peer dependency "@babel/core@^7.0.0-0".
warning "expo > babel-preset-expo > @babel/plugin-transform-typescript@7.29.7" has unmet peer dependency "@babel/core@^7.0.0-0".
warning "expo > babel-preset-expo > @babel/plugin-transform-unicode-regex@7.29.7" has unmet peer dependency "@babel/core@^7.0.0-0".
warning "expo > babel-preset-expo > @babel/preset-typescript@7.29.7" has unmet peer dependency "@babel/core@^7.0.0-0".
warning "expo > babel-preset-expo > @babel/plugin-proposal-decorators > @babel/helper-create-class-features-plugin@7.29.7" has unmet peer dependency "@babel/core@^7.0.0".
warning "expo > babel-preset-expo > @babel/plugin-proposal-decorators > @babel/plugin-syntax-decorators@7.29.7" has unmet peer dependency "@babel/core@^7.0.0-0".
warning "expo > babel-preset-expo > @babel/plugin-transform-async-generator-functions > @babel/helper-remap-async-to-generator@7.29.7" has unmet peer dependency "@babel/core@^7.0.0".
warning "expo > babel-preset-expo > @babel/plugin-transform-classes > @babel/helper-replace-supers@7.29.7" has unmet peer dependency "@babel/core@^7.0.0".
warning "expo > babel-preset-expo > @babel/plugin-transform-flow-strip-types > @babel/plugin-syntax-flow@7.29.7" has unmet peer dependency "@babel/core@^7.0.0-0".
warning "expo > babel-preset-expo > @babel/plugin-transform-named-capturing-groups-regex > @babel/helper-create-regexp-features-plugin@7.29.7" has unmet peer dependency "@babel/core@^7.0.0".
warning "expo > babel-preset-expo > @babel/plugin-transform-react-jsx > @babel/plugin-syntax-jsx@7.29.7" has unmet peer dependency "@babel/core@^7.0.0-0".
warning "expo > babel-preset-expo > @babel/plugin-transform-runtime > babel-plugin-polyfill-corejs2@0.4.17" has unmet peer dependency "@babel/core@^7.4.0 || ^8.0.0-0 <8.0.0".
warning "expo > babel-preset-expo > @babel/plugin-transform-runtime > babel-plugin-polyfill-corejs3@0.13.0" has unmet peer dependency "@babel/core@^7.4.0 || ^8.0.0-0 <8.0.0".
warning "expo > babel-preset-expo > @babel/plugin-transform-runtime > babel-plugin-polyfill-regenerator@0.6.8" has unmet peer dependency "@babel/core@^7.4.0 || ^8.0.0-0 <8.0.0".
warning "expo > babel-preset-expo > @babel/plugin-transform-typescript > @babel/plugin-syntax-typescript@7.29.7" has unmet peer dependency "@babel/core@^7.0.0-0".
warning "react-native > @react-native/codegen@0.87.0" has unmet peer dependency "@babel/core@*".
warning "expo > babel-preset-expo > @babel/plugin-transform-runtime > babel-plugin-polyfill-corejs2 > @babel/helper-define-polyfill-provider@0.6.8" has unmet peer dependency "@babel/core@^7.4.0 || ^8.0.0-0 <8.0.0".
warning "@finan-me/react-native-zywell-thermal-printer > react-native > babel-jest@29.7.0" has unmet peer dependency "@babel/core@^7.8.0".
warning "@finan-me/react-native-zywell-thermal-printer > react-native > @react-native/codegen@0.76.9" has unmet peer dependency "@babel/preset-env@^7.1.6".
warning "@finan-me/react-native-zywell-thermal-printer > react-native > babel-jest > babel-preset-jest@29.6.3" has unmet peer dependency "@babel/core@^7.0.0".
warning "@finan-me/react-native-zywell-thermal-printer > react-native > @react-native/codegen > jscodeshift@0.14.0" has unmet peer dependency "@babel/preset-env@^7.1.6".
warning "@finan-me/react-native-zywell-thermal-printer > react-native > babel-jest > babel-preset-jest > babel-preset-current-node-syntax@1.2.0" has unmet peer dependency "@babel/core@^7.0.0 || ^8.0.0-0".
warning "@finan-me/react-native-zywell-thermal-printer > react-native > @react-native/community-cli-plugin > @react-native/metro-babel-transformer@0.76.9" has unmet peer dependency "@babel/core@*".
warning "@finan-me/react-native-zywell-thermal-printer > react-native > babel-jest > babel-preset-jest > babel-preset-current-node-syntax > @babel/plugin-syntax-bigint@7.8.3" has unmet peer dependency "@babel/core@^7.0.0-0".
warning "@finan-me/react-native-zywell-thermal-printer > react-native > babel-jest > babel-preset-jest > babel-preset-current-node-syntax > @babel/plugin-syntax-class-properties@7.12.13" has unmet peer dependency "@babel/core@^7.0.0-0".
warning "@finan-me/react-native-zywell-thermal-printer > react-native > babel-jest > babel-preset-jest > babel-preset-current-node-syntax > @babel/plugin-syntax-async-generators@7.8.4" has unmet peer dependency "@babel/core@^7.0.0-0".
warning "@finan-me/react-native-zywell-thermal-printer > react-native > babel-jest > babel-preset-jest > babel-preset-current-node-syntax > @babel/plugin-syntax-class-static-block@7.14.5" has unmet peer dependency "@babel/core@^7.0.0-0".
warning "@finan-me/react-native-zywell-thermal-printer > react-native > babel-jest > babel-preset-jest > babel-preset-current-node-syntax > @babel/plugin-syntax-import-attributes@7.29.7" has unmet peer dependency "@babel/core@^7.0.0-0".
warning "@finan-me/react-native-zywell-thermal-printer > react-native > babel-jest > babel-preset-jest > babel-preset-current-node-syntax > @babel/plugin-syntax-import-meta@7.10.4" has unmet peer dependency "@babel/core@^7.0.0-0".
warning "@finan-me/react-native-zywell-thermal-printer > react-native > babel-jest > babel-preset-jest > babel-preset-current-node-syntax > @babel/plugin-syntax-json-strings@7.8.3" has unmet peer dependency "@babel/core@^7.0.0-0".
warning "@finan-me/react-native-zywell-thermal-printer > react-native > babel-jest > babel-preset-jest > babel-preset-current-node-syntax > @babel/plugin-syntax-numeric-separator@7.10.4" has unmet peer dependency "@babel/core@^7.0.0-0".
warning "@finan-me/react-native-zywell-thermal-printer > react-native > babel-jest > babel-preset-jest > babel-preset-current-node-syntax > @babel/plugin-syntax-object-rest-spread@7.8.3" has unmet peer dependency "@babel/core@^7.0.0-0".
warning "@finan-me/react-native-zywell-thermal-printer > react-native > babel-jest > babel-preset-jest > babel-preset-current-node-syntax > @babel/plugin-syntax-optional-catch-binding@7.8.3" has unmet peer dependency "@babel/core@^7.0.0-0".
warning "@finan-me/react-native-zywell-thermal-printer > react-native > babel-jest > babel-preset-jest > babel-preset-current-node-syntax > @babel/plugin-syntax-top-level-await@7.14.5" has unmet peer dependency "@babel/core@^7.0.0-0".
warning "@finan-me/react-native-zywell-thermal-printer > react-native > babel-jest > babel-preset-jest > babel-preset-current-node-syntax > @babel/plugin-syntax-private-property-in-object@7.14.5" has unmet peer dependency "@babel/core@^7.0.0-0".
warning "@finan-me/react-native-zywell-thermal-printer > react-native > babel-jest > babel-preset-jest > babel-preset-current-node-syntax > @babel/plugin-syntax-logical-assignment-operators@7.10.4" has unmet peer dependency "@babel/core@^7.0.0-0".
warning " > @finan-me/react-native-zywell-thermal-printer@1.2.5" has unmet peer dependency "react-native-permissions@*".
warning " > @finan-me/react-native-zywell-thermal-printer@1.2.5" has unmet peer dependency "react-native-view-shot@*".
error Invariant Violation: could not find a copy of react-native to link in /Users/briones/.config/tuft/sessions/1788364493.114729/worktrees/agp-new-dsl/node_modules/@finan-me/react-native-zywell-thermal-printer/node_modules
    at invariant (/opt/homebrew/lib/node_modules/yarn/lib/cli.js:2318:15)
    at PackageLinker.<anonymous> (/opt/homebrew/lib/node_modules/yarn/lib/cli.js:48524:7)
    at Generator.next (<anonymous>)
    at step (/opt/homebrew/lib/node_modules/yarn/lib/cli.js:310:30)
    at /opt/homebrew/lib/node_modules/yarn/lib/cli.js:321:13
    at process.processTicksAndRejections (node:internal/process/task_queues:104:5)
info Visit https://yarnpkg.com/en/docs/cli/add for documentation about this command.
Error: yarnpkg add @finan-me/react-native-zywell-thermal-printer exited with non-zero code: 1
Error: yarnpkg add @finan-me/react-native-zywell-thermal-printer exited with non-zero code: 1
    at ChildProcess.completionListener (/Users/briones/.config/tuft/sessions/1788364493.114729/worktrees/agp-new-dsl/node_modules/@expo/spawn-async/build/spawnAsync.js:113:23)
    at ChildProcess.wrapper (node:events:639:12)
    at ChildProcess.emit (node:events:514:20)
    at ChildProcess._handle.onexit (node:internal/child_process:294:12)
    ...
    at spawnAsync (/Users/briones/.config/tuft/sessions/1788364493.114729/worktrees/agp-new-dsl/node_modules/@expo/spawn-async/build/spawnAsync.js:9:23)
    at YarnPackageManager.runAsync (/Users/briones/.config/tuft/sessions/1788364493.114729/worktrees/agp-new-dsl/node_modules/@expo/package-manager/build/node/BasePackageManager.js:75:42)
    at /Users/briones/.config/tuft/sessions/1788364493.114729/worktrees/agp-new-dsl/node_modules/@expo/package-manager/build/node/YarnPackageManager.js:52:30
    at /Users/briones/.config/tuft/sessions/1788364493.114729/worktrees/agp-new-dsl/node_modules/@expo/package-manager/build/utils/spawn.js:20:34
